// Jest Snapshot v1, https://goo.gl/fbAQLP

exports[`renders correctly 1`] = `
Array [
  <form
    onSubmit={[Function]}
  >
    <fieldset>
      <label
        htmlFor="A"
      >
        A
      </label>
      <select
        id="A"
        onChange={[Function]}
        value="false"
      >
        <option
          value="true"
        >
          true
        </option>
        <option
          value="false"
        >
          false
        </option>
      </select>
      <label
        htmlFor="B"
      >
        B
      </label>
      <select
        id="B"
        onChange={[Function]}
        value="false"
      >
        <option
          value="true"
        >
          true
        </option>
        <option
          value="false"
        >
          false
        </option>
      </select>
      <label
        htmlFor="C"
      >
        C
      </label>
      <select
        id="C"
        onChange={[Function]}
        value="false"
      >
        <option
          value="true"
        >
          true
        </option>
        <option
          value="false"
        >
          false
        </option>
      </select>
    </fieldset>
    <fieldset>
      <label
        htmlFor="D"
      >
        D
      </label>
      <input
        id="D"
        onChange={[Function]}
        step="0.1"
        type="number"
        value={0}
      />
      <label
        htmlFor="E"
      >
        E
      </label>
      <input
        id="E"
        onChange={[Function]}
        type="number"
        value={0}
      />
      <label
        htmlFor="F"
      >
        F
      </label>
      <input
        id="F"
        onChange={[Function]}
        type="number"
        value={0}
      />
    </fieldset>
    <input
      type="submit"
    />
  </form>,
  <section>
    <h2>
      Result
    </h2>
    <p
      id="H"
    >
      H: 
    </p>
    <p
      id="K"
    >
      K: 
    </p>
  </section>,
]
`;
